<?xml version="1.0"?>
<link_info>
   <banner>TMS320C6x Linker PC v7.4.4</banner>
   <copyright>Copyright (c) 1996-2013 Texas Instruments Incorporated</copyright>
   <link_time>0x58b912e5</link_time>
   <output_file>Uprava1702.out</output_file>
   <entry_point>
      <name>_c_int00</name>
      <address>0x894200</address>
   </entry_point>
   <input_file_list>
      <input_file id="fl-2">
         <path>.\</path>
         <kind>object</kind>
         <file>main.obj</file>
         <name>main.obj</name>
      </input_file>
      <input_file id="fl-3">
         <path>.\</path>
         <kind>object</kind>
         <file>TMR_Init.obj</file>
         <name>TMR_Init.obj</name>
      </input_file>
      <input_file id="fl-4">
         <path>.\</path>
         <kind>object</kind>
         <file>Protocol.obj</file>
         <name>Protocol.obj</name>
      </input_file>
      <input_file id="fl-5">
         <path>.\</path>
         <kind>object</kind>
         <file>PLL_Init.obj</file>
         <name>PLL_Init.obj</name>
      </input_file>
      <input_file id="fl-6">
         <path>.\</path>
         <kind>object</kind>
         <file>INT_Init.obj</file>
         <name>INT_Init.obj</name>
      </input_file>
      <input_file id="fl-7">
         <path>.\</path>
         <kind>object</kind>
         <file>GPIO_Init.obj</file>
         <name>GPIO_Init.obj</name>
      </input_file>
      <input_file id="fl-8">
         <path>.\</path>
         <kind>object</kind>
         <file>EMIFA_Init.obj</file>
         <name>EMIFA_Init.obj</name>
      </input_file>
      <input_file id="fl-9">
         <path>.\</path>
         <kind>object</kind>
         <file>EDMA3_Init.obj</file>
         <name>EDMA3_Init.obj</name>
      </input_file>
      <input_file id="fl-a">
         <path>.\</path>
         <kind>object</kind>
         <file>Dispatcher.obj</file>
         <name>Dispatcher.obj</name>
      </input_file>
      <input_file id="fl-b">
         <path>.\</path>
         <kind>object</kind>
         <file>Corr.obj</file>
         <name>Corr.obj</name>
      </input_file>
      <input_file id="fl-c">
         <path>.\</path>
         <kind>object</kind>
         <file>BootLoader.obj</file>
         <name>BootLoader.obj</name>
      </input_file>
      <input_file id="fl-d">
         <path>.\</path>
         <kind>object</kind>
         <file>AlgEnargy.obj</file>
         <name>AlgEnargy.obj</name>
      </input_file>
      <input_file id="fl-e">
         <path>.\</path>
         <kind>object</kind>
         <file>AlgCoiSea.obj</file>
         <name>AlgCoiSea.obj</name>
      </input_file>
      <input_file id="fl-f">
         <path>.\</path>
         <kind>object</kind>
         <file>AlgCoi.obj</file>
         <name>AlgCoi.obj</name>
      </input_file>
      <input_file id="fl-15">
         <path>D:\Documents\CCS_Projects\MathFuncs\Release\</path>
         <kind>archive</kind>
         <file>MathFuncs.lib</file>
         <name>main.obj</name>
      </input_file>
      <input_file id="fl-16">
         <path>C:\ti\sprc234(C6455 Chip Support Library (CSL))\6455\default_package\csl_c6455\lib\</path>
         <kind>archive</kind>
         <file>csl_c6455.lib</file>
         <name>csl_edma3ChannelOpen.o</name>
      </input_file>
      <input_file id="fl-17">
         <path>C:\ti\sprc234(C6455 Chip Support Library (CSL))\6455\default_package\csl_c6455\lib\</path>
         <kind>archive</kind>
         <file>csl_c6455.lib</file>
         <name>csl_edma3GetBaseAddress.o</name>
      </input_file>
      <input_file id="fl-18">
         <path>C:\ti\sprc234(C6455 Chip Support Library (CSL))\6455\default_package\csl_c6455\lib\</path>
         <kind>archive</kind>
         <file>csl_c6455.lib</file>
         <name>csl_edma3HwChannelControl.o</name>
      </input_file>
      <input_file id="fl-19">
         <path>C:\ti\sprc234(C6455 Chip Support Library (CSL))\6455\default_package\csl_c6455\lib\</path>
         <kind>archive</kind>
         <file>csl_c6455.lib</file>
         <name>csl_edma3HwControl.o</name>
      </input_file>
      <input_file id="fl-1a">
         <path>C:\ti\sprc234(C6455 Chip Support Library (CSL))\6455\default_package\csl_c6455\lib\</path>
         <kind>archive</kind>
         <file>csl_c6455.lib</file>
         <name>csl_edma3HwSetup.o</name>
      </input_file>
      <input_file id="fl-1b">
         <path>C:\ti\sprc234(C6455 Chip Support Library (CSL))\6455\default_package\csl_c6455\lib\</path>
         <kind>archive</kind>
         <file>csl_c6455.lib</file>
         <name>csl_edma3Init.o</name>
      </input_file>
      <input_file id="fl-1c">
         <path>C:\ti\sprc234(C6455 Chip Support Library (CSL))\6455\default_package\csl_c6455\lib\</path>
         <kind>archive</kind>
         <file>csl_c6455.lib</file>
         <name>csl_edma3Open.o</name>
      </input_file>
      <input_file id="fl-1d">
         <path>C:\ti\sprc234(C6455 Chip Support Library (CSL))\6455\default_package\csl_c6455\lib\</path>
         <kind>archive</kind>
         <file>csl_c6455.lib</file>
         <name>csl_edma3Param.o</name>
      </input_file>
      <input_file id="fl-1e">
         <path>C:\ti\sprc234(C6455 Chip Support Library (CSL))\6455\default_package\csl_c6455\lib\</path>
         <kind>archive</kind>
         <file>csl_c6455.lib</file>
         <name>csl_tmrHwControl.o</name>
      </input_file>
      <input_file id="fl-1f">
         <path>C:\ti\sprc234(C6455 Chip Support Library (CSL))\6455\default_package\csl_c6455\lib\</path>
         <kind>archive</kind>
         <file>csl_c6455.lib</file>
         <name>csl_tmrHwSetup.o</name>
      </input_file>
      <input_file id="fl-20">
         <path>C:\ti\sprc234(C6455 Chip Support Library (CSL))\6455\default_package\csl_c6455\lib\</path>
         <kind>archive</kind>
         <file>csl_c6455.lib</file>
         <name>csl_tmrInit.o</name>
      </input_file>
      <input_file id="fl-21">
         <path>C:\ti\sprc234(C6455 Chip Support Library (CSL))\6455\default_package\csl_c6455\lib\</path>
         <kind>archive</kind>
         <file>csl_c6455.lib</file>
         <name>csl_tmrOpen.o</name>
      </input_file>
      <input_file id="fl-22">
         <path>C:\ti\sprc234(C6455 Chip Support Library (CSL))\6455\default_package\csl_c6455\lib\</path>
         <kind>archive</kind>
         <file>csl_c6455.lib</file>
         <name>csl_emifaHwSetup.o</name>
      </input_file>
      <input_file id="fl-23">
         <path>C:\ti\sprc234(C6455 Chip Support Library (CSL))\6455\default_package\csl_c6455\lib\</path>
         <kind>archive</kind>
         <file>csl_c6455.lib</file>
         <name>csl_emifaInit.o</name>
      </input_file>
      <input_file id="fl-24">
         <path>C:\ti\sprc234(C6455 Chip Support Library (CSL))\6455\default_package\csl_c6455\lib\</path>
         <kind>archive</kind>
         <file>csl_c6455.lib</file>
         <name>csl_emifaOpen.o</name>
      </input_file>
      <input_file id="fl-25">
         <path>C:\ti\sprc234(C6455 Chip Support Library (CSL))\6455\default_package\csl_c6455\lib\</path>
         <kind>archive</kind>
         <file>csl_c6455.lib</file>
         <name>csl_timerGetBaseAddress.o</name>
      </input_file>
      <input_file id="fl-26">
         <path>C:\ti\sprc234(C6455 Chip Support Library (CSL))\6455\default_package\csl_c6455\lib\</path>
         <kind>archive</kind>
         <file>csl_c6455.lib</file>
         <name>csl_emifaGetBaseAddress.o</name>
      </input_file>
      <input_file id="fl-27">
         <path>C:\ti\sprc234(C6455 Chip Support Library (CSL))\6455\default_package\csl_c64xplus_intc\lib\</path>
         <kind>archive</kind>
         <file>csl_c64xplus_intc.lib</file>
         <name>_csl_intcIntrEnDisRes.o</name>
      </input_file>
      <input_file id="fl-28">
         <path>C:\ti\sprc234(C6455 Chip Support Library (CSL))\6455\default_package\csl_c64xplus_intc\lib\</path>
         <kind>archive</kind>
         <file>csl_c64xplus_intc.lib</file>
         <name>_csl_intcIsrDispatch.o</name>
      </input_file>
      <input_file id="fl-29">
         <path>C:\ti\sprc234(C6455 Chip Support Library (CSL))\6455\default_package\csl_c64xplus_intc\lib\</path>
         <kind>archive</kind>
         <file>csl_c64xplus_intc.lib</file>
         <name>_csl_intcResource.o</name>
      </input_file>
      <input_file id="fl-2a">
         <path>C:\ti\sprc234(C6455 Chip Support Library (CSL))\6455\default_package\csl_c64xplus_intc\lib\</path>
         <kind>archive</kind>
         <file>csl_c64xplus_intc.lib</file>
         <name>csl_intcHookIsr.o</name>
      </input_file>
      <input_file id="fl-2b">
         <path>C:\ti\sprc234(C6455 Chip Support Library (CSL))\6455\default_package\csl_c64xplus_intc\lib\</path>
         <kind>archive</kind>
         <file>csl_c64xplus_intc.lib</file>
         <name>csl_intcHwControl.o</name>
      </input_file>
      <input_file id="fl-2c">
         <path>C:\ti\sprc234(C6455 Chip Support Library (CSL))\6455\default_package\csl_c64xplus_intc\lib\</path>
         <kind>archive</kind>
         <file>csl_c64xplus_intc.lib</file>
         <name>csl_intcInit.o</name>
      </input_file>
      <input_file id="fl-2d">
         <path>C:\ti\sprc234(C6455 Chip Support Library (CSL))\6455\default_package\csl_c64xplus_intc\lib\</path>
         <kind>archive</kind>
         <file>csl_c64xplus_intc.lib</file>
         <name>csl_intcOpen.o</name>
      </input_file>
      <input_file id="fl-2e">
         <path>C:\ti\sprc234(C6455 Chip Support Library (CSL))\6455\default_package\csl_c64xplus_intc\lib\</path>
         <kind>archive</kind>
         <file>csl_c64xplus_intc.lib</file>
         <name>_csl_intcCombEventDispatcher.o</name>
      </input_file>
      <input_file id="fl-2f">
         <path>C:\ti\sprc234(C6455 Chip Support Library (CSL))\6455\default_package\csl_c64xplus_intc\lib\</path>
         <kind>archive</kind>
         <file>csl_c64xplus_intc.lib</file>
         <name>_csl_intcDispatcher.o</name>
      </input_file>
      <input_file id="fl-30">
         <path>C:\ti\sprc234(C6455 Chip Support Library (CSL))\6455\default_package\csl_c64xplus_intc\lib\</path>
         <kind>archive</kind>
         <file>csl_c64xplus_intc.lib</file>
         <name>_csl_intcNmiDummy.o</name>
      </input_file>
      <input_file id="fl-a9">
         <path>C:\ti\ccsv5\tools\compiler\c6000_7.4.4\lib\</path>
         <kind>archive</kind>
         <file>rts64plus.lib</file>
         <name>addd.obj</name>
      </input_file>
      <input_file id="fl-aa">
         <path>C:\ti\ccsv5\tools\compiler\c6000_7.4.4\lib\</path>
         <kind>archive</kind>
         <file>rts64plus.lib</file>
         <name>addf.obj</name>
      </input_file>
      <input_file id="fl-ab">
         <path>C:\ti\ccsv5\tools\compiler\c6000_7.4.4\lib\</path>
         <kind>archive</kind>
         <file>rts64plus.lib</file>
         <name>boot.obj</name>
      </input_file>
      <input_file id="fl-ac">
         <path>C:\ti\ccsv5\tools\compiler\c6000_7.4.4\lib\</path>
         <kind>archive</kind>
         <file>rts64plus.lib</file>
         <name>cmpd.obj</name>
      </input_file>
      <input_file id="fl-ad">
         <path>C:\ti\ccsv5\tools\compiler\c6000_7.4.4\lib\</path>
         <kind>archive</kind>
         <file>rts64plus.lib</file>
         <name>cmpf.obj</name>
      </input_file>
      <input_file id="fl-ae">
         <path>C:\ti\ccsv5\tools\compiler\c6000_7.4.4\lib\</path>
         <kind>archive</kind>
         <file>rts64plus.lib</file>
         <name>cos.obj</name>
      </input_file>
      <input_file id="fl-af">
         <path>C:\ti\ccsv5\tools\compiler\c6000_7.4.4\lib\</path>
         <kind>archive</kind>
         <file>rts64plus.lib</file>
         <name>cvtdf.obj</name>
      </input_file>
      <input_file id="fl-b0">
         <path>C:\ti\ccsv5\tools\compiler\c6000_7.4.4\lib\</path>
         <kind>archive</kind>
         <file>rts64plus.lib</file>
         <name>cvtfd.obj</name>
      </input_file>
      <input_file id="fl-b1">
         <path>C:\ti\ccsv5\tools\compiler\c6000_7.4.4\lib\</path>
         <kind>archive</kind>
         <file>rts64plus.lib</file>
         <name>divd.obj</name>
      </input_file>
      <input_file id="fl-b2">
         <path>C:\ti\ccsv5\tools\compiler\c6000_7.4.4\lib\</path>
         <kind>archive</kind>
         <file>rts64plus.lib</file>
         <name>divf.obj</name>
      </input_file>
      <input_file id="fl-b3">
         <path>C:\ti\ccsv5\tools\compiler\c6000_7.4.4\lib\</path>
         <kind>archive</kind>
         <file>rts64plus.lib</file>
         <name>divi.obj</name>
      </input_file>
      <input_file id="fl-b4">
         <path>C:\ti\ccsv5\tools\compiler\c6000_7.4.4\lib\</path>
         <kind>archive</kind>
         <file>rts64plus.lib</file>
         <name>divu.obj</name>
      </input_file>
      <input_file id="fl-b5">
         <path>C:\ti\ccsv5\tools\compiler\c6000_7.4.4\lib\</path>
         <kind>archive</kind>
         <file>rts64plus.lib</file>
         <name>exit.obj</name>
      </input_file>
      <input_file id="fl-b6">
         <path>C:\ti\ccsv5\tools\compiler\c6000_7.4.4\lib\</path>
         <kind>archive</kind>
         <file>rts64plus.lib</file>
         <name>fixdi.obj</name>
      </input_file>
      <input_file id="fl-b7">
         <path>C:\ti\ccsv5\tools\compiler\c6000_7.4.4\lib\</path>
         <kind>archive</kind>
         <file>rts64plus.lib</file>
         <name>fixdu.obj</name>
      </input_file>
      <input_file id="fl-b8">
         <path>C:\ti\ccsv5\tools\compiler\c6000_7.4.4\lib\</path>
         <kind>archive</kind>
         <file>rts64plus.lib</file>
         <name>fixfi.obj</name>
      </input_file>
      <input_file id="fl-b9">
         <path>C:\ti\ccsv5\tools\compiler\c6000_7.4.4\lib\</path>
         <kind>archive</kind>
         <file>rts64plus.lib</file>
         <name>fixfu.obj</name>
      </input_file>
      <input_file id="fl-ba">
         <path>C:\ti\ccsv5\tools\compiler\c6000_7.4.4\lib\</path>
         <kind>archive</kind>
         <file>rts64plus.lib</file>
         <name>fltid.obj</name>
      </input_file>
      <input_file id="fl-bb">
         <path>C:\ti\ccsv5\tools\compiler\c6000_7.4.4\lib\</path>
         <kind>archive</kind>
         <file>rts64plus.lib</file>
         <name>fltif.obj</name>
      </input_file>
      <input_file id="fl-bc">
         <path>C:\ti\ccsv5\tools\compiler\c6000_7.4.4\lib\</path>
         <kind>archive</kind>
         <file>rts64plus.lib</file>
         <name>fltud.obj</name>
      </input_file>
      <input_file id="fl-bd">
         <path>C:\ti\ccsv5\tools\compiler\c6000_7.4.4\lib\</path>
         <kind>archive</kind>
         <file>rts64plus.lib</file>
         <name>fltuf.obj</name>
      </input_file>
      <input_file id="fl-be">
         <path>C:\ti\ccsv5\tools\compiler\c6000_7.4.4\lib\</path>
         <kind>archive</kind>
         <file>rts64plus.lib</file>
         <name>frcaddd.obj</name>
      </input_file>
      <input_file id="fl-bf">
         <path>C:\ti\ccsv5\tools\compiler\c6000_7.4.4\lib\</path>
         <kind>archive</kind>
         <file>rts64plus.lib</file>
         <name>frcmpyd_div.obj</name>
      </input_file>
      <input_file id="fl-c0">
         <path>C:\ti\ccsv5\tools\compiler\c6000_7.4.4\lib\</path>
         <kind>archive</kind>
         <file>rts64plus.lib</file>
         <name>frcmpyf_div.obj</name>
      </input_file>
      <input_file id="fl-c1">
         <path>C:\ti\ccsv5\tools\compiler\c6000_7.4.4\lib\</path>
         <kind>archive</kind>
         <file>rts64plus.lib</file>
         <name>imath64.obj</name>
      </input_file>
      <input_file id="fl-c2">
         <path>C:\ti\ccsv5\tools\compiler\c6000_7.4.4\lib\</path>
         <kind>archive</kind>
         <file>rts64plus.lib</file>
         <name>llshift.obj</name>
      </input_file>
      <input_file id="fl-c3">
         <path>C:\ti\ccsv5\tools\compiler\c6000_7.4.4\lib\</path>
         <kind>archive</kind>
         <file>rts64plus.lib</file>
         <name>memset.obj</name>
      </input_file>
      <input_file id="fl-c4">
         <path>C:\ti\ccsv5\tools\compiler\c6000_7.4.4\lib\</path>
         <kind>archive</kind>
         <file>rts64plus.lib</file>
         <name>modf.obj</name>
      </input_file>
      <input_file id="fl-c5">
         <path>C:\ti\ccsv5\tools\compiler\c6000_7.4.4\lib\</path>
         <kind>archive</kind>
         <file>rts64plus.lib</file>
         <name>mpyd.obj</name>
      </input_file>
      <input_file id="fl-c6">
         <path>C:\ti\ccsv5\tools\compiler\c6000_7.4.4\lib\</path>
         <kind>archive</kind>
         <file>rts64plus.lib</file>
         <name>mpyf.obj</name>
      </input_file>
      <input_file id="fl-c7">
         <path>C:\ti\ccsv5\tools\compiler\c6000_7.4.4\lib\</path>
         <kind>archive</kind>
         <file>rts64plus.lib</file>
         <name>negd.obj</name>
      </input_file>
      <input_file id="fl-c8">
         <path>C:\ti\ccsv5\tools\compiler\c6000_7.4.4\lib\</path>
         <kind>archive</kind>
         <file>rts64plus.lib</file>
         <name>negll.obj</name>
      </input_file>
      <input_file id="fl-c9">
         <path>C:\ti\ccsv5\tools\compiler\c6000_7.4.4\lib\</path>
         <kind>archive</kind>
         <file>rts64plus.lib</file>
         <name>remi.obj</name>
      </input_file>
      <input_file id="fl-ca">
         <path>C:\ti\ccsv5\tools\compiler\c6000_7.4.4\lib\</path>
         <kind>archive</kind>
         <file>rts64plus.lib</file>
         <name>renormd.obj</name>
      </input_file>
      <input_file id="fl-cb">
         <path>C:\ti\ccsv5\tools\compiler\c6000_7.4.4\lib\</path>
         <kind>archive</kind>
         <file>rts64plus.lib</file>
         <name>round.obj</name>
      </input_file>
      <input_file id="fl-cc">
         <path>C:\ti\ccsv5\tools\compiler\c6000_7.4.4\lib\</path>
         <kind>archive</kind>
         <file>rts64plus.lib</file>
         <name>subd.obj</name>
      </input_file>
      <input_file id="fl-cd">
         <path>C:\ti\ccsv5\tools\compiler\c6000_7.4.4\lib\</path>
         <kind>archive</kind>
         <file>rts64plus.lib</file>
         <name>subf.obj</name>
      </input_file>
      <input_file id="fl-ce">
         <path>C:\ti\ccsv5\tools\compiler\c6000_7.4.4\lib\</path>
         <kind>archive</kind>
         <file>rts64plus.lib</file>
         <name>tan.obj</name>
      </input_file>
      <input_file id="fl-cf">
         <path>C:\ti\ccsv5\tools\compiler\c6000_7.4.4\lib\</path>
         <kind>archive</kind>
         <file>rts64plus.lib</file>
         <name>trunc.obj</name>
      </input_file>
      <input_file id="fl-d0">
         <path>C:\ti\ccsv5\tools\compiler\c6000_7.4.4\lib\</path>
         <kind>archive</kind>
         <file>rts64plus.lib</file>
         <name>abs.obj</name>
      </input_file>
      <input_file id="fl-d1">
         <path>C:\ti\ccsv5\tools\compiler\c6000_7.4.4\lib\</path>
         <kind>archive</kind>
         <file>rts64plus.lib</file>
         <name>args_main.obj</name>
      </input_file>
      <input_file id="fl-d2">
         <path>C:\ti\ccsv5\tools\compiler\c6000_7.4.4\lib\</path>
         <kind>archive</kind>
         <file>rts64plus.lib</file>
         <name>autoinit.obj</name>
      </input_file>
      <input_file id="fl-d3">
         <path>C:\ti\ccsv5\tools\compiler\c6000_7.4.4\lib\</path>
         <kind>archive</kind>
         <file>rts64plus.lib</file>
         <name>cpp_init.obj</name>
      </input_file>
      <input_file id="fl-d4">
         <path>C:\ti\ccsv5\tools\compiler\c6000_7.4.4\lib\</path>
         <kind>archive</kind>
         <file>rts64plus.lib</file>
         <name>cpy_tbl.obj</name>
      </input_file>
      <input_file id="fl-d5">
         <path>C:\ti\ccsv5\tools\compiler\c6000_7.4.4\lib\</path>
         <kind>archive</kind>
         <file>rts64plus.lib</file>
         <name>frcmpyd.obj</name>
      </input_file>
      <input_file id="fl-d6">
         <path>C:\ti\ccsv5\tools\compiler\c6000_7.4.4\lib\</path>
         <kind>archive</kind>
         <file>rts64plus.lib</file>
         <name>frcmpyf.obj</name>
      </input_file>
      <input_file id="fl-d7">
         <path>C:\ti\ccsv5\tools\compiler\c6000_7.4.4\lib\</path>
         <kind>archive</kind>
         <file>rts64plus.lib</file>
         <name>memcpy64.obj</name>
      </input_file>
   </input_file_list>
   <object_component_list>
      <object_component id="oc-194">
         <name>.text</name>
         <load_address>0x883820</load_address>
         <run_address>0x883820</run_address>
         <size>0x33c0</size>
         <input_file_ref idref="fl-b"/>
      </object_component>
      <object_component id="oc-193">
         <name>.text</name>
         <load_address>0x886be0</load_address>
         <run_address>0x886be0</run_address>
         <size>0x32a0</size>
         <input_file_ref idref="fl-15"/>
      </object_component>
      <object_component id="oc-198">
         <name>.text</name>
         <load_address>0x889e80</load_address>
         <run_address>0x889e80</run_address>
         <size>0x1b60</size>
         <input_file_ref idref="fl-e"/>
      </object_component>
      <object_component id="oc-178">
         <name>.text</name>
         <load_address>0x88b9e0</load_address>
         <run_address>0x88b9e0</run_address>
         <size>0x1280</size>
         <input_file_ref idref="fl-f"/>
      </object_component>
      <object_component id="oc-179">
         <name>.text</name>
         <load_address>0x88cc60</load_address>
         <run_address>0x88cc60</run_address>
         <size>0x860</size>
         <input_file_ref idref="fl-d"/>
      </object_component>
      <object_component id="oc-175">
         <name>.text</name>
         <load_address>0x88d4c0</load_address>
         <run_address>0x88d4c0</run_address>
         <size>0x5e0</size>
         <input_file_ref idref="fl-4"/>
      </object_component>
      <object_component id="oc-1a9">
         <name>.text:__divd</name>
         <load_address>0x88daa0</load_address>
         <run_address>0x88daa0</run_address>
         <size>0x540</size>
         <input_file_ref idref="fl-b1"/>
      </object_component>
      <object_component id="oc-164">
         <name>.text:csl_section:edma3:_CSL_edma3HwChannelControl</name>
         <load_address>0x88dfe0</load_address>
         <run_address>0x88dfe0</run_address>
         <size>0x480</size>
         <input_file_ref idref="fl-18"/>
      </object_component>
      <object_component id="oc-1a5">
         <name>.text:_tan</name>
         <load_address>0x88e460</load_address>
         <run_address>0x88e460</run_address>
         <size>0x420</size>
         <input_file_ref idref="fl-ce"/>
      </object_component>
      <object_component id="oc-1a8">
         <name>.text:_cos</name>
         <load_address>0x88e880</load_address>
         <run_address>0x88e880</run_address>
         <size>0x400</size>
         <input_file_ref idref="fl-ae"/>
      </object_component>
      <object_component id="oc-167">
         <name>.text:csl_section:intc:_CSL_intcHwControl</name>
         <load_address>0x88ec80</load_address>
         <run_address>0x88ec80</run_address>
         <size>0x3c0</size>
         <input_file_ref idref="fl-2b"/>
      </object_component>
      <object_component id="oc-38">
         <name>.text:retain</name>
         <load_address>0x88f040</load_address>
         <run_address>0x88f040</run_address>
         <size>0x3c0</size>
         <input_file_ref idref="fl-6"/>
      </object_component>
      <object_component id="oc-177">
         <name>.text</name>
         <load_address>0x88f400</load_address>
         <run_address>0x88f400</run_address>
         <size>0x3a0</size>
         <input_file_ref idref="fl-9"/>
      </object_component>
      <object_component id="oc-165">
         <name>.text:csl_section:edma3:_CSL_edma3HwControl</name>
         <load_address>0x88f7a0</load_address>
         <run_address>0x88f7a0</run_address>
         <size>0x380</size>
         <input_file_ref idref="fl-19"/>
      </object_component>
      <object_component id="oc-197">
         <name>.text:__divf</name>
         <load_address>0x88fb20</load_address>
         <run_address>0x88fb20</run_address>
         <size>0x340</size>
         <input_file_ref idref="fl-b2"/>
      </object_component>
      <object_component id="oc-19d">
         <name>.text:csl_section:intc:_CSL_intcInit</name>
         <load_address>0x88fe60</load_address>
         <run_address>0x88fe60</run_address>
         <size>0x300</size>
         <input_file_ref idref="fl-2c"/>
      </object_component>
      <object_component id="oc-186">
         <name>.text:__addf</name>
         <load_address>0x890160</load_address>
         <run_address>0x890160</run_address>
         <size>0x2e0</size>
         <input_file_ref idref="fl-aa"/>
      </object_component>
      <object_component id="oc-16c">
         <name>.text</name>
         <load_address>0x890440</load_address>
         <run_address>0x890440</run_address>
         <size>0x280</size>
         <input_file_ref idref="fl-2"/>
      </object_component>
      <object_component id="oc-174">
         <name>.text:__divull</name>
         <load_address>0x8906c0</load_address>
         <run_address>0x8906c0</run_address>
         <size>0x260</size>
         <input_file_ref idref="fl-c1"/>
      </object_component>
      <object_component id="oc-1a4">
         <name>.text:__mpyd</name>
         <load_address>0x890920</load_address>
         <run_address>0x890920</run_address>
         <size>0x260</size>
         <input_file_ref idref="fl-c5"/>
      </object_component>
      <object_component id="oc-19c">
         <name>.text:csl_section:emifa:_CSL_emifaHwSetup</name>
         <load_address>0x890b80</load_address>
         <run_address>0x890b80</run_address>
         <size>0x260</size>
         <input_file_ref idref="fl-22"/>
      </object_component>
      <object_component id="oc-166">
         <name>.text:csl_section:tmr:_CSL_tmrHwControl</name>
         <load_address>0x890de0</load_address>
         <run_address>0x890de0</run_address>
         <size>0x260</size>
         <input_file_ref idref="fl-1e"/>
      </object_component>
      <object_component id="oc-180">
         <name>.text:csl_section:tmr:_CSL_tmrHwSetup</name>
         <load_address>0x891040</load_address>
         <run_address>0x891040</run_address>
         <size>0x260</size>
         <input_file_ref idref="fl-1f"/>
      </object_component>
      <object_component id="oc-168">
         <name>.text:csl_section:intc:_CSL_intcOpen</name>
         <load_address>0x8912a0</load_address>
         <run_address>0x8912a0</run_address>
         <size>0x240</size>
         <input_file_ref idref="fl-2d"/>
      </object_component>
      <object_component id="oc-172">
         <name>.text:csl_section:intc:__CSL_intcEvent0Dispatcher</name>
         <load_address>0x8914e0</load_address>
         <run_address>0x8914e0</run_address>
         <size>0x220</size>
         <input_file_ref idref="fl-2e"/>
      </object_component>
      <object_component id="oc-171">
         <name>.text:csl_section:intc:__CSL_intcEvent1Dispatcher</name>
         <load_address>0x891700</load_address>
         <run_address>0x891700</run_address>
         <size>0x220</size>
         <input_file_ref idref="fl-2e"/>
      </object_component>
      <object_component id="oc-170">
         <name>.text:csl_section:intc:__CSL_intcEvent2Dispatcher</name>
         <load_address>0x891920</load_address>
         <run_address>0x891920</run_address>
         <size>0x220</size>
         <input_file_ref idref="fl-2e"/>
      </object_component>
      <object_component id="oc-16f">
         <name>.text:csl_section:intc:__CSL_intcEvent3Dispatcher</name>
         <load_address>0x891b40</load_address>
         <run_address>0x891b40</run_address>
         <size>0x220</size>
         <input_file_ref idref="fl-2e"/>
      </object_component>
      <object_component id="oc-1aa">
         <name>.text:__addd</name>
         <load_address>0x891d60</load_address>
         <run_address>0x891d60</run_address>
         <size>0x200</size>
         <input_file_ref idref="fl-a9"/>
      </object_component>
      <object_component id="oc-1bf">
         <name>.text:__frcaddd</name>
         <load_address>0x891f60</load_address>
         <run_address>0x891f60</run_address>
         <size>0x200</size>
         <input_file_ref idref="fl-be"/>
      </object_component>
      <object_component id="oc-189">
         <name>.text:__mpyf</name>
         <load_address>0x892160</load_address>
         <run_address>0x892160</run_address>
         <size>0x200</size>
         <input_file_ref idref="fl-c6"/>
      </object_component>
      <object_component id="oc-1b8">
         <name>.text:csl_section:intc:__CSL_intcDispatcher</name>
         <load_address>0x892360</load_address>
         <run_address>0x892360</run_address>
         <size>0x1e0</size>
         <input_file_ref idref="fl-2f"/>
      </object_component>
      <object_component id="oc-190">
         <name>.text:csl_section:edma3:_CSL_edma3HwSetup</name>
         <load_address>0x892540</load_address>
         <run_address>0x892540</run_address>
         <size>0x1c0</size>
         <input_file_ref idref="fl-1a"/>
      </object_component>
      <object_component id="oc-a8">
         <name>.text:csl_section:intc</name>
         <load_address>0x892700</load_address>
         <run_address>0x892700</run_address>
         <size>0x140</size>
         <input_file_ref idref="fl-27"/>
      </object_component>
      <object_component id="oc-17c">
         <name>.text</name>
         <load_address>0x892840</load_address>
         <run_address>0x892840</run_address>
         <size>0x120</size>
         <input_file_ref idref="fl-6"/>
      </object_component>
      <object_component id="oc-173">
         <name>.text</name>
         <load_address>0x892960</load_address>
         <run_address>0x892960</run_address>
         <size>0x120</size>
         <input_file_ref idref="fl-3"/>
      </object_component>
      <object_component id="oc-17b">
         <name>.text</name>
         <load_address>0x892a80</load_address>
         <run_address>0x892a80</run_address>
         <size>0x100</size>
         <input_file_ref idref="fl-8"/>
      </object_component>
      <object_component id="oc-163">
         <name>.text</name>
         <load_address>0x892b80</load_address>
         <run_address>0x892b80</run_address>
         <size>0x100</size>
         <input_file_ref idref="fl-7"/>
      </object_component>
      <object_component id="oc-1b9">
         <name>.text:__frcmpyd</name>
         <load_address>0x892c80</load_address>
         <run_address>0x892c80</run_address>
         <size>0x100</size>
         <input_file_ref idref="fl-d5"/>
      </object_component>
      <object_component id="oc-1ba">
         <name>.text:__nround</name>
         <load_address>0x892d80</load_address>
         <run_address>0x892d80</run_address>
         <size>0x100</size>
         <input_file_ref idref="fl-cb"/>
      </object_component>
      <object_component id="oc-191">
         <name>.text:csl_section:edma3:_CSL_edma3ChannelOpen</name>
         <load_address>0x892e80</load_address>
         <run_address>0x892e80</run_address>
         <size>0x100</size>
         <input_file_ref idref="fl-16"/>
      </object_component>
      <object_component id="oc-1b3">
         <name>.text:__cmpd</name>
         <load_address>0x892f80</load_address>
         <run_address>0x892f80</run_address>
         <size>0xe0</size>
         <input_file_ref idref="fl-ac"/>
      </object_component>
      <object_component id="oc-1a2">
         <name>.text:__divi</name>
         <load_address>0x893060</load_address>
         <run_address>0x893060</run_address>
         <size>0xe0</size>
         <input_file_ref idref="fl-b3"/>
      </object_component>
      <object_component id="oc-17d">
         <name>.text:_memset</name>
         <load_address>0x893140</load_address>
         <run_address>0x893140</run_address>
         <size>0xe0</size>
         <input_file_ref idref="fl-c3"/>
      </object_component>
      <object_component id="oc-176">
         <name>.text</name>
         <load_address>0x893220</load_address>
         <run_address>0x893220</run_address>
         <size>0xc0</size>
         <input_file_ref idref="fl-a"/>
      </object_component>
      <object_component id="oc-160">
         <name>.text:__auto_init</name>
         <load_address>0x8932e0</load_address>
         <run_address>0x8932e0</run_address>
         <size>0xc0</size>
         <input_file_ref idref="fl-d2"/>
      </object_component>
      <object_component id="oc-199">
         <name>.text:__divu</name>
         <load_address>0x8933a0</load_address>
         <run_address>0x8933a0</run_address>
         <size>0xc0</size>
         <input_file_ref idref="fl-b4"/>
      </object_component>
      <object_component id="oc-1ac">
         <name>.text:__remi</name>
         <load_address>0x893460</load_address>
         <run_address>0x893460</run_address>
         <size>0xc0</size>
         <input_file_ref idref="fl-c9"/>
      </object_component>
      <object_component id="oc-162">
         <name>.text:_exit</name>
         <load_address>0x893520</load_address>
         <run_address>0x893520</run_address>
         <size>0xc0</size>
         <input_file_ref idref="fl-b5"/>
      </object_component>
      <object_component id="oc-18f">
         <name>.text:csl_section:edma3:_CSL_edma3Open</name>
         <load_address>0x8935e0</load_address>
         <run_address>0x8935e0</run_address>
         <size>0xc0</size>
         <input_file_ref idref="fl-1c"/>
      </object_component>
      <object_component id="oc-19b">
         <name>.text:csl_section:emifa:_CSL_emifaOpen</name>
         <load_address>0x8936a0</load_address>
         <run_address>0x8936a0</run_address>
         <size>0xc0</size>
         <input_file_ref idref="fl-24"/>
      </object_component>
      <object_component id="oc-17f">
         <name>.text:csl_section:tmr:_CSL_tmrOpen</name>
         <load_address>0x893760</load_address>
         <run_address>0x893760</run_address>
         <size>0xc0</size>
         <input_file_ref idref="fl-21"/>
      </object_component>
      <object_component id="oc-17a">
         <name>.text</name>
         <load_address>0x893820</load_address>
         <run_address>0x893820</run_address>
         <size>0xa0</size>
         <input_file_ref idref="fl-5"/>
      </object_component>
      <object_component id="oc-1b6">
         <name>.text:__cvtdf</name>
         <load_address>0x8938c0</load_address>
         <run_address>0x8938c0</run_address>
         <size>0xa0</size>
         <input_file_ref idref="fl-af"/>
      </object_component>
      <object_component id="oc-169">
         <name>.text:_copy_in</name>
         <load_address>0x893960</load_address>
         <run_address>0x893960</run_address>
         <size>0xa0</size>
         <input_file_ref idref="fl-d4"/>
      </object_component>
      <object_component id="oc-16a">
         <name>.text:_memcpy</name>
         <load_address>0x893a00</load_address>
         <run_address>0x893a00</run_address>
         <size>0xa0</size>
         <input_file_ref idref="fl-d7"/>
      </object_component>
      <object_component id="oc-1bc">
         <name>.text:_modf</name>
         <load_address>0x893aa0</load_address>
         <run_address>0x893aa0</run_address>
         <size>0xa0</size>
         <input_file_ref idref="fl-c4"/>
      </object_component>
      <object_component id="oc-196">
         <name>.text:__cmpf</name>
         <load_address>0x893b40</load_address>
         <run_address>0x893b40</run_address>
         <size>0x80</size>
         <input_file_ref idref="fl-ad"/>
      </object_component>
      <object_component id="oc-1b5">
         <name>.text:__fixdi</name>
         <load_address>0x893bc0</load_address>
         <run_address>0x893bc0</run_address>
         <size>0x80</size>
         <input_file_ref idref="fl-b6"/>
      </object_component>
      <object_component id="oc-1ab">
         <name>.text:__fixdu</name>
         <load_address>0x893c40</load_address>
         <run_address>0x893c40</run_address>
         <size>0x80</size>
         <input_file_ref idref="fl-b7"/>
      </object_component>
      <object_component id="oc-18a">
         <name>.text:__fixfi</name>
         <load_address>0x893cc0</load_address>
         <run_address>0x893cc0</run_address>
         <size>0x80</size>
         <input_file_ref idref="fl-b8"/>
      </object_component>
      <object_component id="oc-184">
         <name>.text:__fixfu</name>
         <load_address>0x893d40</load_address>
         <run_address>0x893d40</run_address>
         <size>0x80</size>
         <input_file_ref idref="fl-b9"/>
      </object_component>
      <object_component id="oc-181">
         <name>.text:__llshl</name>
         <load_address>0x893dc0</load_address>
         <run_address>0x893dc0</run_address>
         <size>0x80</size>
         <input_file_ref idref="fl-c2"/>
      </object_component>
      <object_component id="oc-1c0">
         <name>.text:__renormd</name>
         <load_address>0x893e40</load_address>
         <run_address>0x893e40</run_address>
         <size>0x80</size>
         <input_file_ref idref="fl-ca"/>
      </object_component>
      <object_component id="oc-18d">
         <name>.text:csl_section:edma3:_CSL_edma3ParamSetup</name>
         <load_address>0x893ec0</load_address>
         <run_address>0x893ec0</run_address>
         <size>0x80</size>
         <input_file_ref idref="fl-1d"/>
      </object_component>
      <object_component id="oc-2d">
         <name>.text:retain</name>
         <load_address>0x893f40</load_address>
         <run_address>0x893f40</run_address>
         <size>0x80</size>
         <input_file_ref idref="fl-4"/>
      </object_component>
      <object_component id="oc-16b">
         <name>.text:___TI_cpp_init</name>
         <load_address>0x893fc0</load_address>
         <run_address>0x893fc0</run_address>
         <size>0x60</size>
         <input_file_ref idref="fl-d3"/>
      </object_component>
      <object_component id="oc-1b4">
         <name>.text:__cvtfd</name>
         <load_address>0x894020</load_address>
         <run_address>0x894020</run_address>
         <size>0x60</size>
         <input_file_ref idref="fl-b0"/>
      </object_component>
      <object_component id="oc-1a7">
         <name>.text:__fltid</name>
         <load_address>0x894080</load_address>
         <run_address>0x894080</run_address>
         <size>0x60</size>
         <input_file_ref idref="fl-ba"/>
      </object_component>
      <object_component id="oc-185">
         <name>.text:__fltif</name>
         <load_address>0x8940e0</load_address>
         <run_address>0x8940e0</run_address>
         <size>0x60</size>
         <input_file_ref idref="fl-bb"/>
      </object_component>
      <object_component id="oc-19f">
         <name>.text:__frcmpyf</name>
         <load_address>0x894140</load_address>
         <run_address>0x894140</run_address>
         <size>0x60</size>
         <input_file_ref idref="fl-d6"/>
      </object_component>
      <object_component id="oc-182">
         <name>.text:__subcull</name>
         <load_address>0x8941a0</load_address>
         <run_address>0x8941a0</run_address>
         <size>0x60</size>
         <input_file_ref idref="fl-c1"/>
      </object_component>
      <object_component id="oc-1a">
         <name>.text:_c_int00</name>
         <load_address>0x894200</load_address>
         <run_address>0x894200</run_address>
         <size>0x60</size>
         <input_file_ref idref="fl-ab"/>
      </object_component>
      <object_component id="oc-192">
         <name>.text:csl_section:edma3:_CSL_edma3GetParamHandle</name>
         <load_address>0x894260</load_address>
         <run_address>0x894260</run_address>
         <size>0x60</size>
         <input_file_ref idref="fl-1d"/>
      </object_component>
      <object_component id="oc-19e">
         <name>.text:csl_section:tmr:_CSL_tmrGetBaseAddress</name>
         <load_address>0x8942c0</load_address>
         <run_address>0x8942c0</run_address>
         <size>0x60</size>
         <input_file_ref idref="fl-25"/>
      </object_component>
      <object_component id="oc-161">
         <name>.text:__args_main</name>
         <load_address>0x894320</load_address>
         <run_address>0x894320</run_address>
         <size>0x40</size>
         <input_file_ref idref="fl-d1"/>
      </object_component>
      <object_component id="oc-1a3">
         <name>.text:__fltud</name>
         <load_address>0x894360</load_address>
         <run_address>0x894360</run_address>
         <size>0x40</size>
         <input_file_ref idref="fl-bc"/>
      </object_component>
      <object_component id="oc-188">
         <name>.text:__fltuf</name>
         <load_address>0x8943a0</load_address>
         <run_address>0x8943a0</run_address>
         <size>0x40</size>
         <input_file_ref idref="fl-bd"/>
      </object_component>
      <object_component id="oc-1be">
         <name>.text:__frcmpyd_div</name>
         <load_address>0x8943e0</load_address>
         <run_address>0x8943e0</run_address>
         <size>0x40</size>
         <input_file_ref idref="fl-bf"/>
      </object_component>
      <object_component id="oc-1b1">
         <name>.text:__frcmpyf_div</name>
         <load_address>0x894420</load_address>
         <run_address>0x894420</run_address>
         <size>0x40</size>
         <input_file_ref idref="fl-c0"/>
      </object_component>
      <object_component id="oc-183">
         <name>.text:__llshru</name>
         <load_address>0x894460</load_address>
         <run_address>0x894460</run_address>
         <size>0x40</size>
         <input_file_ref idref="fl-c2"/>
      </object_component>
      <object_component id="oc-1a6">
         <name>.text:__negd</name>
         <load_address>0x8944a0</load_address>
         <run_address>0x8944a0</run_address>
         <size>0x40</size>
         <input_file_ref idref="fl-c7"/>
      </object_component>
      <object_component id="oc-1b2">
         <name>.text:__subd</name>
         <load_address>0x8944e0</load_address>
         <run_address>0x8944e0</run_address>
         <size>0x40</size>
         <input_file_ref idref="fl-cc"/>
      </object_component>
      <object_component id="oc-187">
         <name>.text:__subf</name>
         <load_address>0x894520</load_address>
         <run_address>0x894520</run_address>
         <size>0x40</size>
         <input_file_ref idref="fl-cd"/>
      </object_component>
      <object_component id="oc-1a0">
         <name>.text:csl_section:edma:_CSL_edma3ccGetModuleBaseAddr</name>
         <load_address>0x894560</load_address>
         <run_address>0x894560</run_address>
         <size>0x40</size>
         <input_file_ref idref="fl-17"/>
      </object_component>
      <object_component id="oc-1b7">
         <name>.text:csl_section:emifa:_CSL_emifaGetBaseAddress</name>
         <load_address>0x8945a0</load_address>
         <run_address>0x8945a0</run_address>
         <size>0x40</size>
         <input_file_ref idref="fl-26"/>
      </object_component>
      <object_component id="oc-1bb">
         <name>.text:__trunc</name>
         <load_address>0x8945e0</load_address>
         <run_address>0x8945e0</run_address>
         <size>0x20</size>
         <input_file_ref idref="fl-cf"/>
      </object_component>
      <object_component id="oc-16d">
         <name>.text:_abort</name>
         <load_address>0x894600</load_address>
         <run_address>0x894600</run_address>
         <size>0x20</size>
         <input_file_ref idref="fl-b5"/>
      </object_component>
      <object_component id="oc-18e">
         <name>.text:csl_section:edma3:_CSL_edma3Init</name>
         <load_address>0x894620</load_address>
         <run_address>0x894620</run_address>
         <size>0x20</size>
         <input_file_ref idref="fl-1b"/>
      </object_component>
      <object_component id="oc-19a">
         <name>.text:csl_section:emifa:_CSL_emifaInit</name>
         <load_address>0x894640</load_address>
         <run_address>0x894640</run_address>
         <size>0x20</size>
         <input_file_ref idref="fl-23"/>
      </object_component>
      <object_component id="oc-16e">
         <name>.text:csl_section:intc:_CSL_intcHookIsr</name>
         <load_address>0x894660</load_address>
         <run_address>0x894660</run_address>
         <size>0x20</size>
         <input_file_ref idref="fl-2a"/>
      </object_component>
      <object_component id="oc-c8">
         <name>.text:csl_section:intc</name>
         <load_address>0x894680</load_address>
         <run_address>0x894680</run_address>
         <size>0x20</size>
         <input_file_ref idref="fl-30"/>
      </object_component>
      <object_component id="oc-17e">
         <name>.text:csl_section:tmr:_CSL_tmrInit</name>
         <load_address>0x8946a0</load_address>
         <run_address>0x8946a0</run_address>
         <size>0x20</size>
         <input_file_ref idref="fl-20"/>
      </object_component>
      <object_component id="oc-7d">
         <name>.switch</name>
         <load_address>0x895bac</load_address>
         <run_address>0x895bac</run_address>
         <size>0x3c</size>
         <input_file_ref idref="fl-19"/>
      </object_component>
      <object_component id="oc-8d">
         <name>.switch</name>
         <load_address>0x895be8</load_address>
         <run_address>0x895be8</run_address>
         <size>0x38</size>
         <input_file_ref idref="fl-1e"/>
      </object_component>
      <object_component id="oc-195">
         <name>.switch:_AirCont</name>
         <load_address>0x895c20</load_address>
         <run_address>0x895c20</run_address>
         <size>0x30</size>
         <input_file_ref idref="fl-f"/>
      </object_component>
      <object_component id="oc-1ad">
         <name>.switch:_EihgtSv</name>
         <load_address>0x895c50</load_address>
         <run_address>0x895c50</run_address>
         <size>0x20</size>
         <input_file_ref idref="fl-b"/>
      </object_component>
      <object_component id="oc-b8">
         <name>.switch</name>
         <load_address>0x895c70</load_address>
         <run_address>0x895c70</run_address>
         <size>0x1c</size>
         <input_file_ref idref="fl-2b"/>
      </object_component>
      <object_component id="oc-79">
         <name>.switch</name>
         <load_address>0x895c8c</load_address>
         <run_address>0x895c8c</run_address>
         <size>0x14</size>
         <input_file_ref idref="fl-18"/>
      </object_component>
      <object_component id="oc-1ae">
         <name>.switch:_FourSv</name>
         <load_address>0x895ca0</load_address>
         <run_address>0x895ca0</run_address>
         <size>0x10</size>
         <input_file_ref idref="fl-b"/>
      </object_component>
      <object_component id="oc-bf">
         <name>.switch</name>
         <load_address>0x895cb0</load_address>
         <run_address>0x895cb0</run_address>
         <size>0x10</size>
         <input_file_ref idref="fl-2d"/>
      </object_component>
      <object_component id="oc-54">
         <name>.cinit</name>
         <load_address>0x8946c0</load_address>
         <run_address>0x8946c0</run_address>
         <size>0x2d8</size>
         <input_file_ref idref="fl-b"/>
      </object_component>
      <object_component id="oc-1d">
         <name>.cinit</name>
         <load_address>0x894998</load_address>
         <run_address>0x894998</run_address>
         <size>0x21c</size>
         <input_file_ref idref="fl-2"/>
      </object_component>
      <object_component id="oc-49">
         <name>.cinit</name>
         <load_address>0x894bb8</load_address>
         <run_address>0x894bb8</run_address>
         <size>0x206</size>
         <input_file_ref idref="fl-9"/>
      </object_component>
      <object_component id="oc-24">
         <name>.cinit</name>
         <load_address>0x894dc0</load_address>
         <run_address>0x894dc0</run_address>
         <size>0x54</size>
         <input_file_ref idref="fl-3"/>
      </object_component>
      <object_component id="oc-42">
         <name>.cinit</name>
         <load_address>0x894e18</load_address>
         <run_address>0x894e18</run_address>
         <size>0x52</size>
         <input_file_ref idref="fl-8"/>
      </object_component>
      <object_component id="oc-dd">
         <name>.cinit</name>
         <load_address>0x894e70</load_address>
         <run_address>0x894e70</run_address>
         <size>0x48</size>
         <input_file_ref idref="fl-ae"/>
      </object_component>
      <object_component id="oc-141">
         <name>.cinit</name>
         <load_address>0x894eb8</load_address>
         <run_address>0x894eb8</run_address>
         <size>0x48</size>
         <input_file_ref idref="fl-ce"/>
      </object_component>
      <object_component id="oc-2b">
         <name>.cinit</name>
         <load_address>0x894f00</load_address>
         <run_address>0x894f00</run_address>
         <size>0x39</size>
         <input_file_ref idref="fl-4"/>
      </object_component>
      <object_component id="oc-6a">
         <name>.cinit</name>
         <load_address>0x894f40</load_address>
         <run_address>0x894f40</run_address>
         <size>0x2c</size>
         <input_file_ref idref="fl-f"/>
      </object_component>
      <object_component id="oc-f4">
         <name>.cinit</name>
         <load_address>0x894f70</load_address>
         <run_address>0x894f70</run_address>
         <size>0x2c</size>
         <input_file_ref idref="fl-b5"/>
      </object_component>
      <object_component id="oc-b1">
         <name>.cinit</name>
         <load_address>0x894fa0</load_address>
         <run_address>0x894fa0</run_address>
         <size>0x1c</size>
         <input_file_ref idref="fl-29"/>
      </object_component>
      <object_component id="oc-63">
         <name>.cinit</name>
         <load_address>0x894fc0</load_address>
         <run_address>0x894fc0</run_address>
         <size>0xa</size>
         <input_file_ref idref="fl-e"/>
      </object_component>
      <object_component id="oc-ac">
         <name>.csl_vect</name>
         <load_address>0x895800</load_address>
         <run_address>0x895800</run_address>
         <size>0x200</size>
         <input_file_ref idref="fl-28"/>
      </object_component>
      <object_component id="oc-d3">
         <name>.stack</name>
         <uninitialized>true</uninitialized>
         <run_address>0x894fd8</run_address>
         <size>0x8</size>
         <input_file_ref idref="fl-ab"/>
      </object_component>
      <object_component id="oc-1e2">
         <name>.stack</name>
         <uninitialized>true</uninitialized>
         <run_address>0x894fd8</run_address>
         <size>0x0</size>
      </object_component>
      <object_component id="oc-1b">
         <name>.bss</name>
         <uninitialized>true</uninitialized>
         <run_address>0x895a00</run_address>
         <size>0xa8</size>
         <input_file_ref idref="fl-2"/>
      </object_component>
      <object_component id="oc-22">
         <name>.bss</name>
         <uninitialized>true</uninitialized>
         <run_address>0x895b98</run_address>
         <size>0x8</size>
         <input_file_ref idref="fl-3"/>
      </object_component>
      <object_component id="oc-29">
         <name>.bss</name>
         <uninitialized>true</uninitialized>
         <run_address>0x895b28</run_address>
         <size>0x2a</size>
         <input_file_ref idref="fl-4"/>
      </object_component>
      <object_component id="oc-35">
         <name>.bss</name>
         <uninitialized>true</uninitialized>
         <run_address>0x895b7c</run_address>
         <size>0x1a</size>
         <input_file_ref idref="fl-6"/>
      </object_component>
      <object_component id="oc-40">
         <name>.bss</name>
         <uninitialized>true</uninitialized>
         <run_address>0x895ba8</run_address>
         <size>0x4</size>
         <input_file_ref idref="fl-8"/>
      </object_component>
      <object_component id="oc-47">
         <name>.bss</name>
         <uninitialized>true</uninitialized>
         <run_address>0x895b54</run_address>
         <size>0x28</size>
         <input_file_ref idref="fl-9"/>
      </object_component>
      <object_component id="oc-52">
         <name>.bss</name>
         <uninitialized>true</uninitialized>
         <run_address>0x895ba0</run_address>
         <size>0x5</size>
         <input_file_ref idref="fl-b"/>
      </object_component>
      <object_component id="oc-61">
         <name>.bss</name>
         <uninitialized>true</uninitialized>
         <run_address>0x895b52</run_address>
         <size>0x2</size>
         <input_file_ref idref="fl-e"/>
      </object_component>
      <object_component id="oc-68">
         <name>.bss</name>
         <uninitialized>true</uninitialized>
         <run_address>0x895afc</run_address>
         <size>0x2c</size>
         <input_file_ref idref="fl-f"/>
      </object_component>
      <object_component id="oc-b2">
         <name>.bss:csl_section:intc</name>
         <uninitialized>true</uninitialized>
         <run_address>0x895aa8</run_address>
         <size>0x54</size>
         <input_file_ref idref="fl-29"/>
      </object_component>
      <object_component id="oc-1bd">
         <name>.const:.string:_initial_approx$1</name>
         <load_address>0x895cc0</load_address>
         <run_address>0x895cc0</run_address>
         <size>0x8</size>
         <input_file_ref idref="fl-b1"/>
      </object_component>
      <object_component id="oc-1b0">
         <name>.const:.string:_initial_approx$1</name>
         <load_address>0x895cc8</load_address>
         <run_address>0x895cc8</run_address>
         <size>0x8</size>
         <input_file_ref idref="fl-b2"/>
      </object_component>
      <object_component id="oc-18c">
         <name>.const:_fields</name>
         <load_address>0x895cd0</load_address>
         <run_address>0x895cd0</run_address>
         <size>0x8</size>
         <input_file_ref idref="fl-2"/>
      </object_component>
      <object_component id="oc-18b">
         <name>.const:_fieldsG</name>
         <load_address>0x895cd8</load_address>
         <run_address>0x895cd8</run_address>
         <size>0x8</size>
         <input_file_ref idref="fl-2"/>
      </object_component>
      <object_component id="oc-1a1">
         <name>.const:.string:_$P$T0$1</name>
         <load_address>0x895ce0</load_address>
         <run_address>0x895ce0</run_address>
         <size>0x4</size>
         <input_file_ref idref="fl-15"/>
      </object_component>
      <object_component id="oc-1af">
         <name>.const:.string:_$P$T0$4</name>
         <load_address>0x895ce8</load_address>
         <run_address>0x895ce8</run_address>
         <size>0x4</size>
         <input_file_ref idref="fl-b"/>
      </object_component>
      <object_component id="oc-1e">
         <name>.far</name>
         <uninitialized>true</uninitialized>
         <run_address>0x800000</run_address>
         <size>0x559d8</size>
         <input_file_ref idref="fl-2"/>
      </object_component>
      <object_component id="oc-25">
         <name>.far</name>
         <uninitialized>true</uninitialized>
         <run_address>0x883700</run_address>
         <size>0x44</size>
         <input_file_ref idref="fl-3"/>
      </object_component>
      <object_component id="oc-2c">
         <name>.far</name>
         <uninitialized>true</uninitialized>
         <run_address>0x8837e0</run_address>
         <size>0x1f</size>
         <input_file_ref idref="fl-4"/>
      </object_component>
      <object_component id="oc-37">
         <name>.far</name>
         <uninitialized>true</uninitialized>
         <run_address>0x883588</run_address>
         <size>0x110</size>
         <input_file_ref idref="fl-6"/>
      </object_component>
      <object_component id="oc-43">
         <name>.far</name>
         <uninitialized>true</uninitialized>
         <run_address>0x883698</run_address>
         <size>0x66</size>
         <input_file_ref idref="fl-8"/>
      </object_component>
      <object_component id="oc-4a">
         <name>.far</name>
         <uninitialized>true</uninitialized>
         <run_address>0x882f80</run_address>
         <size>0x308</size>
         <input_file_ref idref="fl-9"/>
      </object_component>
      <object_component id="oc-55">
         <name>.far</name>
         <uninitialized>true</uninitialized>
         <run_address>0x8559d8</run_address>
         <size>0x2d5a4</size>
         <input_file_ref idref="fl-b"/>
      </object_component>
      <object_component id="oc-64">
         <name>.far</name>
         <uninitialized>true</uninitialized>
         <run_address>0x883288</run_address>
         <size>0x300</size>
         <input_file_ref idref="fl-e"/>
      </object_component>
      <object_component id="oc-6b">
         <name>.far</name>
         <uninitialized>true</uninitialized>
         <run_address>0x8837c0</run_address>
         <size>0x20</size>
         <input_file_ref idref="fl-f"/>
      </object_component>
      <object_component id="oc-de">
         <name>.far</name>
         <uninitialized>true</uninitialized>
         <run_address>0x883748</run_address>
         <size>0x40</size>
         <input_file_ref idref="fl-ae"/>
      </object_component>
      <object_component id="oc-f5">
         <name>.far</name>
         <uninitialized>true</uninitialized>
         <run_address>0x883800</run_address>
         <size>0xc</size>
         <input_file_ref idref="fl-b5"/>
      </object_component>
      <object_component id="oc-142">
         <name>.far</name>
         <uninitialized>true</uninitialized>
         <run_address>0x883788</run_address>
         <size>0x38</size>
         <input_file_ref idref="fl-ce"/>
      </object_component>
      <object_component id="oc-59">
         <name>.boot_load</name>
         <load_address>0xb0000000</load_address>
         <run_address>0xb0000000</run_address>
         <size>0x60</size>
         <input_file_ref idref="fl-c"/>
      </object_component>
      <object_component id="oc-1c">
         <name>.debug_info</name>
         <load_address>0x0</load_address>
         <run_address>0x0</run_address>
         <size>0x208b</size>
         <input_file_ref idref="fl-2"/>
      </object_component>
      <object_component id="oc-23">
         <name>.debug_info</name>
         <load_address>0x208b</load_address>
         <run_address>0x208b</run_address>
         <size>0x1414</size>
         <input_file_ref idref="fl-3"/>
      </object_component>
      <object_component id="oc-2a">
         <name>.debug_info</name>
         <load_address>0x349f</load_address>
         <run_address>0x349f</run_address>
         <size>0x1200</size>
         <input_file_ref idref="fl-4"/>
      </object_component>
      <object_component id="oc-31">
         <name>.debug_info</name>
         <load_address>0x469f</load_address>
         <run_address>0x469f</run_address>
         <size>0x733</size>
         <input_file_ref idref="fl-5"/>
      </object_component>
      <object_component id="oc-36">
         <name>.debug_info</name>
         <load_address>0x4dd2</load_address>
         <run_address>0x4dd2</run_address>
         <size>0x10ee</size>
         <input_file_ref idref="fl-6"/>
      </object_component>
      <object_component id="oc-3c">
         <name>.debug_info</name>
         <load_address>0x5ec0</load_address>
         <run_address>0x5ec0</run_address>
         <size>0x7c9</size>
         <input_file_ref idref="fl-7"/>
      </object_component>
      <object_component id="oc-41">
         <name>.debug_info</name>
         <load_address>0x6689</load_address>
         <run_address>0x6689</run_address>
         <size>0x10b6</size>
         <input_file_ref idref="fl-8"/>
      </object_component>
      <object_component id="oc-48">
         <name>.debug_info</name>
         <load_address>0x773f</load_address>
         <run_address>0x773f</run_address>
         <size>0x267c</size>
         <input_file_ref idref="fl-9"/>
      </object_component>
      <object_component id="oc-4e">
         <name>.debug_info</name>
         <load_address>0x9dbb</load_address>
         <run_address>0x9dbb</run_address>
         <size>0x7ad</size>
         <input_file_ref idref="fl-a"/>
      </object_component>
      <object_component id="oc-53">
         <name>.debug_info</name>
         <load_address>0xa568</load_address>
         <run_address>0xa568</run_address>
         <size>0x3700</size>
         <input_file_ref idref="fl-b"/>
      </object_component>
      <object_component id="oc-5a">
         <name>.debug_info</name>
         <load_address>0xdc68</load_address>
         <run_address>0xdc68</run_address>
         <size>0xca</size>
         <input_file_ref idref="fl-c"/>
      </object_component>
      <object_component id="oc-5d">
         <name>.debug_info</name>
         <load_address>0xdd32</load_address>
         <run_address>0xdd32</run_address>
         <size>0x1001</size>
         <input_file_ref idref="fl-d"/>
      </object_component>
      <object_component id="oc-62">
         <name>.debug_info</name>
         <load_address>0xed33</load_address>
         <run_address>0xed33</run_address>
         <size>0x2dde</size>
         <input_file_ref idref="fl-e"/>
      </object_component>
      <object_component id="oc-69">
         <name>.debug_info</name>
         <load_address>0x11b11</load_address>
         <run_address>0x11b11</run_address>
         <size>0x1c74</size>
         <input_file_ref idref="fl-f"/>
      </object_component>
      <object_component id="oc-6f">
         <name>.debug_info</name>
         <load_address>0x13785</load_address>
         <run_address>0x13785</run_address>
         <size>0x34e7</size>
         <input_file_ref idref="fl-15"/>
      </object_component>
      <object_component id="oc-72">
         <name>.debug_info</name>
         <load_address>0x16c6c</load_address>
         <run_address>0x16c6c</run_address>
         <size>0x1550</size>
         <input_file_ref idref="fl-16"/>
      </object_component>
      <object_component id="oc-75">
         <name>.debug_info</name>
         <load_address>0x181bc</load_address>
         <run_address>0x181bc</run_address>
         <size>0x1445</size>
         <input_file_ref idref="fl-17"/>
      </object_component>
      <object_component id="oc-78">
         <name>.debug_info</name>
         <load_address>0x19601</load_address>
         <run_address>0x19601</run_address>
         <size>0x151b</size>
         <input_file_ref idref="fl-18"/>
      </object_component>
      <object_component id="oc-7c">
         <name>.debug_info</name>
         <load_address>0x1ab1c</load_address>
         <run_address>0x1ab1c</run_address>
         <size>0x1628</size>
         <input_file_ref idref="fl-19"/>
      </object_component>
      <object_component id="oc-80">
         <name>.debug_info</name>
         <load_address>0x1c144</load_address>
         <run_address>0x1c144</run_address>
         <size>0x1674</size>
         <input_file_ref idref="fl-1a"/>
      </object_component>
      <object_component id="oc-83">
         <name>.debug_info</name>
         <load_address>0x1d7b8</load_address>
         <run_address>0x1d7b8</run_address>
         <size>0x5a1</size>
         <input_file_ref idref="fl-1b"/>
      </object_component>
      <object_component id="oc-86">
         <name>.debug_info</name>
         <load_address>0x1dd59</load_address>
         <run_address>0x1dd59</run_address>
         <size>0x1467</size>
         <input_file_ref idref="fl-1c"/>
      </object_component>
      <object_component id="oc-89">
         <name>.debug_info</name>
         <load_address>0x1f1c0</load_address>
         <run_address>0x1f1c0</run_address>
         <size>0x15ce</size>
         <input_file_ref idref="fl-1d"/>
      </object_component>
      <object_component id="oc-8c">
         <name>.debug_info</name>
         <load_address>0x2078e</load_address>
         <run_address>0x2078e</run_address>
         <size>0x9c5</size>
         <input_file_ref idref="fl-1e"/>
      </object_component>
      <object_component id="oc-90">
         <name>.debug_info</name>
         <load_address>0x21153</load_address>
         <run_address>0x21153</run_address>
         <size>0xcd7</size>
         <input_file_ref idref="fl-1f"/>
      </object_component>
      <object_component id="oc-93">
         <name>.debug_info</name>
         <load_address>0x21e2a</load_address>
         <run_address>0x21e2a</run_address>
         <size>0x5da</size>
         <input_file_ref idref="fl-20"/>
      </object_component>
      <object_component id="oc-96">
         <name>.debug_info</name>
         <load_address>0x22404</load_address>
         <run_address>0x22404</run_address>
         <size>0x8c1</size>
         <input_file_ref idref="fl-21"/>
      </object_component>
      <object_component id="oc-99">
         <name>.debug_info</name>
         <load_address>0x22cc5</load_address>
         <run_address>0x22cc5</run_address>
         <size>0xcc8</size>
         <input_file_ref idref="fl-22"/>
      </object_component>
      <object_component id="oc-9c">
         <name>.debug_info</name>
         <load_address>0x2398d</load_address>
         <run_address>0x2398d</run_address>
         <size>0x5e6</size>
         <input_file_ref idref="fl-23"/>
      </object_component>
      <object_component id="oc-9f">
         <name>.debug_info</name>
         <load_address>0x23f73</load_address>
         <run_address>0x23f73</run_address>
         <size>0x9b8</size>
         <input_file_ref idref="fl-24"/>
      </object_component>
      <object_component id="oc-a2">
         <name>.debug_info</name>
         <load_address>0x2492b</load_address>
         <run_address>0x2492b</run_address>
         <size>0x8ce</size>
         <input_file_ref idref="fl-25"/>
      </object_component>
      <object_component id="oc-a5">
         <name>.debug_info</name>
         <load_address>0x251f9</load_address>
         <run_address>0x251f9</run_address>
         <size>0x994</size>
         <input_file_ref idref="fl-26"/>
      </object_component>
      <object_component id="oc-a9">
         <name>.debug_info</name>
         <load_address>0x25b8d</load_address>
         <run_address>0x25b8d</run_address>
         <size>0xb2</size>
         <input_file_ref idref="fl-27"/>
      </object_component>
      <object_component id="oc-ad">
         <name>.debug_info</name>
         <load_address>0x25c3f</load_address>
         <run_address>0x25c3f</run_address>
         <size>0xaf</size>
         <input_file_ref idref="fl-28"/>
      </object_component>
      <object_component id="oc-b0">
         <name>.debug_info</name>
         <load_address>0x25cee</load_address>
         <run_address>0x25cee</run_address>
         <size>0x8bb</size>
         <input_file_ref idref="fl-29"/>
      </object_component>
      <object_component id="oc-b4">
         <name>.debug_info</name>
         <load_address>0x265a9</load_address>
         <run_address>0x265a9</run_address>
         <size>0x924</size>
         <input_file_ref idref="fl-2a"/>
      </object_component>
      <object_component id="oc-b7">
         <name>.debug_info</name>
         <load_address>0x26ecd</load_address>
         <run_address>0x26ecd</run_address>
         <size>0xaff</size>
         <input_file_ref idref="fl-2b"/>
      </object_component>
      <object_component id="oc-bb">
         <name>.debug_info</name>
         <load_address>0x279cc</load_address>
         <run_address>0x279cc</run_address>
         <size>0xb31</size>
         <input_file_ref idref="fl-2c"/>
      </object_component>
      <object_component id="oc-be">
         <name>.debug_info</name>
         <load_address>0x284fd</load_address>
         <run_address>0x284fd</run_address>
         <size>0x9ba</size>
         <input_file_ref idref="fl-2d"/>
      </object_component>
      <object_component id="oc-c2">
         <name>.debug_info</name>
         <load_address>0x28eb7</load_address>
         <run_address>0x28eb7</run_address>
         <size>0xeb2</size>
         <input_file_ref idref="fl-2e"/>
      </object_component>
      <object_component id="oc-c5">
         <name>.debug_info</name>
         <load_address>0x29d69</load_address>
         <run_address>0x29d69</run_address>
         <size>0x88b</size>
         <input_file_ref idref="fl-2f"/>
      </object_component>
      <object_component id="oc-c9">
         <name>.debug_info</name>
         <load_address>0x2a5f4</load_address>
         <run_address>0x2a5f4</run_address>
         <size>0xa9</size>
         <input_file_ref idref="fl-30"/>
      </object_component>
      <object_component id="oc-cc">
         <name>.debug_info</name>
         <load_address>0x2a69d</load_address>
         <run_address>0x2a69d</run_address>
         <size>0x6d1</size>
         <input_file_ref idref="fl-a9"/>
      </object_component>
      <object_component id="oc-cf">
         <name>.debug_info</name>
         <load_address>0x2ad6e</load_address>
         <run_address>0x2ad6e</run_address>
         <size>0x6ae</size>
         <input_file_ref idref="fl-aa"/>
      </object_component>
      <object_component id="oc-d2">
         <name>.debug_info</name>
         <load_address>0x2b41c</load_address>
         <run_address>0x2b41c</run_address>
         <size>0x6f2</size>
         <input_file_ref idref="fl-ab"/>
      </object_component>
      <object_component id="oc-d6">
         <name>.debug_info</name>
         <load_address>0x2bb0e</load_address>
         <run_address>0x2bb0e</run_address>
         <size>0x68c</size>
         <input_file_ref idref="fl-ac"/>
      </object_component>
      <object_component id="oc-d9">
         <name>.debug_info</name>
         <load_address>0x2c19a</load_address>
         <run_address>0x2c19a</run_address>
         <size>0x63e</size>
         <input_file_ref idref="fl-ad"/>
      </object_component>
      <object_component id="oc-dc">
         <name>.debug_info</name>
         <load_address>0x2c7d8</load_address>
         <run_address>0x2c7d8</run_address>
         <size>0x8af</size>
         <input_file_ref idref="fl-ae"/>
      </object_component>
      <object_component id="oc-e1">
         <name>.debug_info</name>
         <load_address>0x2d087</load_address>
         <run_address>0x2d087</run_address>
         <size>0x68b</size>
         <input_file_ref idref="fl-af"/>
      </object_component>
      <object_component id="oc-e4">
         <name>.debug_info</name>
         <load_address>0x2d712</load_address>
         <run_address>0x2d712</run_address>
         <size>0x685</size>
         <input_file_ref idref="fl-b0"/>
      </object_component>
      <object_component id="oc-e7">
         <name>.debug_info</name>
         <load_address>0x2dd97</load_address>
         <run_address>0x2dd97</run_address>
         <size>0x991</size>
         <input_file_ref idref="fl-b1"/>
      </object_component>
      <object_component id="oc-ea">
         <name>.debug_info</name>
         <load_address>0x2e728</load_address>
         <run_address>0x2e728</run_address>
         <size>0x990</size>
         <input_file_ref idref="fl-b2"/>
      </object_component>
      <object_component id="oc-ed">
         <name>.debug_info</name>
         <load_address>0x2f0b8</load_address>
         <run_address>0x2f0b8</run_address>
         <size>0xbd</size>
         <input_file_ref idref="fl-b3"/>
      </object_component>
      <object_component id="oc-f0">
         <name>.debug_info</name>
         <load_address>0x2f175</load_address>
         <run_address>0x2f175</run_address>
         <size>0xbd</size>
         <input_file_ref idref="fl-b4"/>
      </object_component>
      <object_component id="oc-f3">
         <name>.debug_info</name>
         <load_address>0x2f232</load_address>
         <run_address>0x2f232</run_address>
         <size>0x7bf</size>
         <input_file_ref idref="fl-b5"/>
      </object_component>
      <object_component id="oc-f8">
         <name>.debug_info</name>
         <load_address>0x2f9f1</load_address>
         <run_address>0x2f9f1</run_address>
         <size>0x67b</size>
         <input_file_ref idref="fl-b6"/>
      </object_component>
      <object_component id="oc-fb">
         <name>.debug_info</name>
         <load_address>0x3006c</load_address>
         <run_address>0x3006c</run_address>
         <size>0x675</size>
         <input_file_ref idref="fl-b7"/>
      </object_component>
      <object_component id="oc-fe">
         <name>.debug_info</name>
         <load_address>0x306e1</load_address>
         <run_address>0x306e1</run_address>
         <size>0x633</size>
         <input_file_ref idref="fl-b8"/>
      </object_component>
      <object_component id="oc-101">
         <name>.debug_info</name>
         <load_address>0x30d14</load_address>
         <run_address>0x30d14</run_address>
         <size>0x62d</size>
         <input_file_ref idref="fl-b9"/>
      </object_component>
      <object_component id="oc-104">
         <name>.debug_info</name>
         <load_address>0x31341</load_address>
         <run_address>0x31341</run_address>
         <size>0x68e</size>
         <input_file_ref idref="fl-ba"/>
      </object_component>
      <object_component id="oc-107">
         <name>.debug_info</name>
         <load_address>0x319cf</load_address>
         <run_address>0x319cf</run_address>
         <size>0x646</size>
         <input_file_ref idref="fl-bb"/>
      </object_component>
      <object_component id="oc-10a">
         <name>.debug_info</name>
         <load_address>0x32015</load_address>
         <run_address>0x32015</run_address>
         <size>0x68e</size>
         <input_file_ref idref="fl-bc"/>
      </object_component>
      <object_component id="oc-10d">
         <name>.debug_info</name>
         <load_address>0x326a3</load_address>
         <run_address>0x326a3</run_address>
         <size>0x646</size>
         <input_file_ref idref="fl-bd"/>
      </object_component>
      <object_component id="oc-110">
         <name>.debug_info</name>
         <load_address>0x32ce9</load_address>
         <run_address>0x32ce9</run_address>
         <size>0x6dd</size>
         <input_file_ref idref="fl-be"/>
      </object_component>
      <object_component id="oc-113">
         <name>.debug_info</name>
         <load_address>0x333c6</load_address>
         <run_address>0x333c6</run_address>
         <size>0x653</size>
         <input_file_ref idref="fl-bf"/>
      </object_component>
      <object_component id="oc-116">
         <name>.debug_info</name>
         <load_address>0x33a19</load_address>
         <run_address>0x33a19</run_address>
         <size>0x653</size>
         <input_file_ref idref="fl-c0"/>
      </object_component>
      <object_component id="oc-119">
         <name>.debug_info</name>
         <load_address>0x3406c</load_address>
         <run_address>0x3406c</run_address>
         <size>0x785</size>
         <input_file_ref idref="fl-c1"/>
      </object_component>
      <object_component id="oc-11c">
         <name>.debug_info</name>
         <load_address>0x347f1</load_address>
         <run_address>0x347f1</run_address>
         <size>0x6e8</size>
         <input_file_ref idref="fl-c2"/>
      </object_component>
      <object_component id="oc-11f">
         <name>.debug_info</name>
         <load_address>0x34ed9</load_address>
         <run_address>0x34ed9</run_address>
         <size>0x79d</size>
         <input_file_ref idref="fl-c3"/>
      </object_component>
      <object_component id="oc-122">
         <name>.debug_info</name>
         <load_address>0x35676</load_address>
         <run_address>0x35676</run_address>
         <size>0x66e</size>
         <input_file_ref idref="fl-c4"/>
      </object_component>
      <object_component id="oc-125">
         <name>.debug_info</name>
         <load_address>0x35ce4</load_address>
         <run_address>0x35ce4</run_address>
         <size>0x6cc</size>
         <input_file_ref idref="fl-c5"/>
      </object_component>
      <object_component id="oc-128">
         <name>.debug_info</name>
         <load_address>0x363b0</load_address>
         <run_address>0x363b0</run_address>
         <size>0x699</size>
         <input_file_ref idref="fl-c6"/>
      </object_component>
      <object_component id="oc-12b">
         <name>.debug_info</name>
         <load_address>0x36a49</load_address>
         <run_address>0x36a49</run_address>
         <size>0x604</size>
         <input_file_ref idref="fl-c7"/>
      </object_component>
      <object_component id="oc-12e">
         <name>.debug_info</name>
         <load_address>0x3704d</load_address>
         <run_address>0x3704d</run_address>
         <size>0x5b6</size>
         <input_file_ref idref="fl-c8"/>
      </object_component>
      <object_component id="oc-131">
         <name>.debug_info</name>
         <load_address>0x37603</load_address>
         <run_address>0x37603</run_address>
         <size>0xbd</size>
         <input_file_ref idref="fl-c9"/>
      </object_component>
      <object_component id="oc-134">
         <name>.debug_info</name>
         <load_address>0x376c0</load_address>
         <run_address>0x376c0</run_address>
         <size>0x6f5</size>
         <input_file_ref idref="fl-ca"/>
      </object_component>
      <object_component id="oc-137">
         <name>.debug_info</name>
         <load_address>0x37db5</load_address>
         <run_address>0x37db5</run_address>
         <size>0x68d</size>
         <input_file_ref idref="fl-cb"/>
      </object_component>
      <object_component id="oc-13a">
         <name>.debug_info</name>
         <load_address>0x38442</load_address>
         <run_address>0x38442</run_address>
         <size>0x62b</size>
         <input_file_ref idref="fl-cc"/>
      </object_component>
      <object_component id="oc-13d">
         <name>.debug_info</name>
         <load_address>0x38a6d</load_address>
         <run_address>0x38a6d</run_address>
         <size>0x62b</size>
         <input_file_ref idref="fl-cd"/>
      </object_component>
      <object_component id="oc-140">
         <name>.debug_info</name>
         <load_address>0x39098</load_address>
         <run_address>0x39098</run_address>
         <size>0x960</size>
         <input_file_ref idref="fl-ce"/>
      </object_component>
      <object_component id="oc-145">
         <name>.debug_info</name>
         <load_address>0x399f8</load_address>
         <run_address>0x399f8</run_address>
         <size>0x638</size>
         <input_file_ref idref="fl-cf"/>
      </object_component>
      <object_component id="oc-148">
         <name>.debug_info</name>
         <load_address>0x3a030</load_address>
         <run_address>0x3a030</run_address>
         <size>0x5b3</size>
         <input_file_ref idref="fl-d0"/>
      </object_component>
      <object_component id="oc-14b">
         <name>.debug_info</name>
         <load_address>0x3a5e3</load_address>
         <run_address>0x3a5e3</run_address>
         <size>0x6c8</size>
         <input_file_ref idref="fl-d1"/>
      </object_component>
      <object_component id="oc-14e">
         <name>.debug_info</name>
         <load_address>0x3acab</load_address>
         <run_address>0x3acab</run_address>
         <size>0x83e</size>
         <input_file_ref idref="fl-d2"/>
      </object_component>
      <object_component id="oc-151">
         <name>.debug_info</name>
         <load_address>0x3b4e9</load_address>
         <run_address>0x3b4e9</run_address>
         <size>0x6b6</size>
         <input_file_ref idref="fl-d3"/>
      </object_component>
[...]
      </symbol>
      <symbol id="sm-8ac">
         <name>_porog_0_65</name>
         <value>0x895b00</value>
         <object_component_ref idref="oc-68"/>
      </symbol>
      <symbol id="sm-8ad">
         <name>_porog_0_40</name>
         <value>0x895b04</value>
         <object_component_ref idref="oc-68"/>
      </symbol>
      <symbol id="sm-8ae">
         <name>_TakeEt</name>
         <value>0x88ba4c</value>
         <object_component_ref idref="oc-178"/>
      </symbol>
      <symbol id="sm-8af">
         <name>_dy</name>
         <value>0x895b0a</value>
         <object_component_ref idref="oc-68"/>
      </symbol>
      <symbol id="sm-8b0">
         <name>_dx</name>
         <value>0x895b08</value>
         <object_component_ref idref="oc-68"/>
      </symbol>
      <symbol id="sm-8b1">
         <name>_d3</name>
         <value>0x895b24</value>
         <object_component_ref idref="oc-68"/>
      </symbol>
      <symbol id="sm-8b2">
         <name>_d2</name>
         <value>0x895b20</value>
         <object_component_ref idref="oc-68"/>
      </symbol>
      <symbol id="sm-8b3">
         <name>_d1</name>
         <value>0x895b1c</value>
         <object_component_ref idref="oc-68"/>
      </symbol>
      <symbol id="sm-8b4">
         <name>_CorrParts</name>
         <value>0x88bfa4</value>
         <object_component_ref idref="oc-178"/>
      </symbol>
      <symbol id="sm-8b5">
         <name>_horizonX2</name>
         <value>0x895b0c</value>
         <object_component_ref idref="oc-68"/>
      </symbol>
      <symbol id="sm-8b6">
         <name>_horizonX1</name>
         <value>0x895b10</value>
         <object_component_ref idref="oc-68"/>
      </symbol>
      <symbol id="sm-9ab">
         <name>_SumAbsSubLine4x</name>
         <value>0x8895a0</value>
         <object_component_ref idref="oc-193"/>
      </symbol>
      <symbol id="sm-9ac">
         <name>_ARU4</name>
         <value>0x889da4</value>
         <object_component_ref idref="oc-193"/>
      </symbol>
      <symbol id="sm-9ad">
         <name>_PartFastCorrFullFromPrevSt0</name>
         <value>0x889844</value>
         <object_component_ref idref="oc-193"/>
      </symbol>
      <symbol id="sm-9ae">
         <name>_addpoint</name>
         <value>0x886be0</value>
         <object_component_ref idref="oc-193"/>
      </symbol>
      <symbol id="sm-9af">
         <name>_findObj0</name>
         <value>0x888188</value>
         <object_component_ref idref="oc-193"/>
      </symbol>
      <symbol id="sm-9b0">
         <name>_findObj4</name>
         <value>0x886cd0</value>
         <object_component_ref idref="oc-193"/>
      </symbol>
      <symbol id="sm-9b1">
         <name>_findObj10</name>
         <value>0x887584</value>
         <object_component_ref idref="oc-193"/>
      </symbol>
      <symbol id="sm-9b2">
         <name>_CleanZones</name>
         <value>0x888154</value>
         <object_component_ref idref="oc-193"/>
      </symbol>
      <symbol id="sm-9b3">
         <name>_SumAbsSub2Line4x</name>
         <value>0x8896a0</value>
         <object_component_ref idref="oc-193"/>
      </symbol>
      <symbol id="sm-9c1">
         <name>_CSL_edma3ChannelOpen</name>
         <value>0x892e80</value>
         <object_component_ref idref="oc-191"/>
      </symbol>
      <symbol id="sm-9cb">
         <name>_CSL_edma3ccGetModuleBaseAddr</name>
         <value>0x894560</value>
         <object_component_ref idref="oc-1a0"/>
      </symbol>
      <symbol id="sm-9ea">
         <name>_CSL_edma3HwChannelControl</name>
         <value>0x88dfe0</value>
         <object_component_ref idref="oc-164"/>
      </symbol>
      <symbol id="sm-a0b">
         <name>_CSL_edma3HwControl</name>
         <value>0x88f7a0</value>
         <object_component_ref idref="oc-165"/>
      </symbol>
      <symbol id="sm-a19">
         <name>_CSL_edma3HwSetup</name>
         <value>0x892540</value>
         <object_component_ref idref="oc-190"/>
      </symbol>
      <symbol id="sm-a23">
         <name>_CSL_edma3Init</name>
         <value>0x894620</value>
         <object_component_ref idref="oc-18e"/>
      </symbol>
      <symbol id="sm-a30">
         <name>_CSL_edma3Open</name>
         <value>0x8935e0</value>
         <object_component_ref idref="oc-18f"/>
      </symbol>
      <symbol id="sm-a3f">
         <name>_CSL_edma3GetParamHandle</name>
         <value>0x894260</value>
         <object_component_ref idref="oc-192"/>
      </symbol>
      <symbol id="sm-a40">
         <name>_CSL_edma3ParamSetup</name>
         <value>0x893ec0</value>
         <object_component_ref idref="oc-18d"/>
      </symbol>
      <symbol id="sm-a5d">
         <name>_CSL_tmrHwControl</name>
         <value>0x890de0</value>
         <object_component_ref idref="oc-166"/>
      </symbol>
      <symbol id="sm-a68">
         <name>_CSL_tmrHwSetup</name>
         <value>0x891040</value>
         <object_component_ref idref="oc-180"/>
      </symbol>
      <symbol id="sm-a72">
         <name>_CSL_tmrInit</name>
         <value>0x8946a0</value>
         <object_component_ref idref="oc-17e"/>
      </symbol>
      <symbol id="sm-a7f">
         <name>_CSL_tmrOpen</name>
         <value>0x893760</value>
         <object_component_ref idref="oc-17f"/>
      </symbol>
      <symbol id="sm-a8f">
         <name>_CSL_emifaHwSetup</name>
         <value>0x890b80</value>
         <object_component_ref idref="oc-19c"/>
      </symbol>
      <symbol id="sm-a99">
         <name>_CSL_emifaInit</name>
         <value>0x894640</value>
         <object_component_ref idref="oc-19a"/>
      </symbol>
      <symbol id="sm-aa6">
         <name>_CSL_emifaOpen</name>
         <value>0x8936a0</value>
         <object_component_ref idref="oc-19b"/>
      </symbol>
      <symbol id="sm-ab3">
         <name>_CSL_tmrGetBaseAddress</name>
         <value>0x8942c0</value>
         <object_component_ref idref="oc-19e"/>
      </symbol>
      <symbol id="sm-abd">
         <name>_CSL_emifaGetBaseAddress</name>
         <value>0x8945a0</value>
         <object_component_ref idref="oc-1b7"/>
      </symbol>
      <symbol id="sm-ac5">
         <name>_CSL_intcGlobalExcepEnable</name>
         <value>0x892804</value>
         <object_component_ref idref="oc-a8"/>
      </symbol>
      <symbol id="sm-ac6">
         <name>_CSL_intcGlobalNmiEnable</name>
         <value>0x8927f0</value>
         <object_component_ref idref="oc-a8"/>
      </symbol>
      <symbol id="sm-ac7">
         <name>_CSL_intcInterruptSet</name>
         <value>0x892760</value>
         <object_component_ref idref="oc-a8"/>
      </symbol>
      <symbol id="sm-ac8">
         <name>__CSL_intcIvpSet</name>
         <value>0x892700</value>
         <object_component_ref idref="oc-a8"/>
      </symbol>
      <symbol id="sm-ac9">
         <name>_CSL_intcGlobalRestore</name>
         <value>0x8927d8</value>
         <object_component_ref idref="oc-a8"/>
      </symbol>
      <symbol id="sm-aca">
         <name>_CSL_intcGlobalExtExcepEnable</name>
         <value>0x892818</value>
         <object_component_ref idref="oc-a8"/>
      </symbol>
      <symbol id="sm-acb">
         <name>_CSL_intcInterruptEnable</name>
         <value>0x892710</value>
         <object_component_ref idref="oc-a8"/>
      </symbol>
      <symbol id="sm-acc">
         <name>_CSL_intcGlobalEnable</name>
         <value>0x892798</value>
         <object_component_ref idref="oc-a8"/>
      </symbol>
      <symbol id="sm-acd">
         <name>_CSL_intcGlobalDisable</name>
         <value>0x8927b8</value>
         <object_component_ref idref="oc-a8"/>
      </symbol>
      <symbol id="sm-ace">
         <name>_CSL_intcInterruptClear</name>
         <value>0x892750</value>
         <object_component_ref idref="oc-a8"/>
      </symbol>
      <symbol id="sm-acf">
         <name>_CSL_intcInterruptRestore</name>
         <value>0x89276c</value>
         <object_component_ref idref="oc-a8"/>
      </symbol>
      <symbol id="sm-ad0">
         <name>_CSL_intcGlobalExcepClear</name>
         <value>0x89282c</value>
         <object_component_ref idref="oc-a8"/>
      </symbol>
      <symbol id="sm-ad1">
         <name>_CSL_intcQueryInterruptStatus</name>
         <value>0x892784</value>
         <object_component_ref idref="oc-a8"/>
      </symbol>
      <symbol id="sm-ad2">
         <name>_CSL_intcInterruptDisable</name>
         <value>0x892730</value>
         <object_component_ref idref="oc-a8"/>
      </symbol>
      <symbol id="sm-adc">
         <name>__CSL_intcVectorTable</name>
         <value>0x895800</value>
         <object_component_ref idref="oc-ac"/>
      </symbol>
      <symbol id="sm-ae8">
         <name>__CSL_intcEventOffsetMap</name>
         <value>0x895af0</value>
         <object_component_ref idref="oc-b2"/>
      </symbol>
      <symbol id="sm-ae9">
         <name>__CSL_intcAllocMask</name>
         <value>0x895aa8</value>
         <object_component_ref idref="oc-b2"/>
      </symbol>
      <symbol id="sm-aea">
         <name>__CSL_intcEventHandlerRecord</name>
         <value>0x895af8</value>
         <object_component_ref idref="oc-b2"/>
      </symbol>
      <symbol id="sm-aeb">
         <name>__CSL_intcCpuIntrTable</name>
         <value>0x895aac</value>
         <object_component_ref idref="oc-b2"/>
      </symbol>
      <symbol id="sm-aec">
         <name>__CSL_intcNumEvents</name>
         <value>0x895af4</value>
         <object_component_ref idref="oc-b2"/>
      </symbol>
      <symbol id="sm-af6">
         <name>_CSL_intcHookIsr</name>
         <value>0x894660</value>
         <object_component_ref idref="oc-16e"/>
      </symbol>
      <symbol id="sm-b11">
         <name>_CSL_intcHwControl</name>
         <value>0x88ec80</value>
         <object_component_ref idref="oc-167"/>
      </symbol>
      <symbol id="sm-b1d">
         <name>_CSL_intcInit</name>
         <value>0x88fe60</value>
         <object_component_ref idref="oc-19d"/>
      </symbol>
      <symbol id="sm-b36">
         <name>_CSL_intcOpen</name>
         <value>0x8912a0</value>
         <object_component_ref idref="oc-168"/>
      </symbol>
      <symbol id="sm-b5e">
         <name>__CSL_intcEvent0Dispatcher</name>
         <value>0x8914e0</value>
         <object_component_ref idref="oc-172"/>
      </symbol>
      <symbol id="sm-b5f">
         <name>__CSL_intcEvent1Dispatcher</name>
         <value>0x891700</value>
         <object_component_ref idref="oc-171"/>
      </symbol>
      <symbol id="sm-b60">
         <name>__CSL_intcEvent2Dispatcher</name>
         <value>0x891920</value>
         <object_component_ref idref="oc-170"/>
      </symbol>
      <symbol id="sm-b61">
         <name>__CSL_intcEvent3Dispatcher</name>
         <value>0x891b40</value>
         <object_component_ref idref="oc-16f"/>
      </symbol>
      <symbol id="sm-b6e">
         <name>__CSL_intcDispatcher</name>
         <value>0x892360</value>
         <object_component_ref idref="oc-1b8"/>
      </symbol>
      <symbol id="sm-b76">
         <name>__CSL_intcNmiDummy</name>
         <value>0x894680</value>
         <object_component_ref idref="oc-c8"/>
      </symbol>
      <symbol id="sm-b88">
         <name>__addd</name>
         <value>0x891d60</value>
         <object_component_ref idref="oc-1aa"/>
      </symbol>
      <symbol id="sm-b9c">
         <name>__addf</name>
         <value>0x890160</value>
         <object_component_ref idref="oc-186"/>
      </symbol>
      <symbol id="sm-bab">
         <name>_c_int00</name>
         <value>0x894200</value>
         <object_component_ref idref="oc-1a"/>
      </symbol>
      <symbol id="sm-bac">
         <name>__stack</name>
         <value>0x894fd8</value>
         <object_component_ref idref="oc-d3"/>
      </symbol>
      <symbol id="sm-bbb">
         <name>__cmpd</name>
         <value>0x892f80</value>
         <object_component_ref idref="oc-1b3"/>
      </symbol>
      <symbol id="sm-bc7">
         <name>__cmpf</name>
         <value>0x893b40</value>
         <object_component_ref idref="oc-196"/>
      </symbol>
      <symbol id="sm-bea">
         <name>_cos</name>
         <value>0x88e880</value>
         <object_component_ref idref="oc-1a8"/>
      </symbol>
      <symbol id="sm-bf5">
         <name>__cvtdf</name>
         <value>0x8938c0</value>
         <object_component_ref idref="oc-1b6"/>
      </symbol>
      <symbol id="sm-bff">
         <name>__cvtfd</name>
         <value>0x894020</value>
         <object_component_ref idref="oc-1b4"/>
      </symbol>
      <symbol id="sm-c17">
         <name>__divd</name>
         <value>0x88daa0</value>
         <object_component_ref idref="oc-1a9"/>
      </symbol>
      <symbol id="sm-c2d">
         <name>__divf</name>
         <value>0x88fb20</value>
         <object_component_ref idref="oc-197"/>
      </symbol>
      <symbol id="sm-c36">
         <name>__c6xabi_divi</name>
         <value>0x893060</value>
         <object_component_ref idref="oc-1a2"/>
      </symbol>
      <symbol id="sm-c37">
         <name>__divi</name>
         <value>0x893060</value>
         <object_component_ref idref="oc-1a2"/>
      </symbol>
      <symbol id="sm-c40">
         <name>__c6xabi_divu</name>
         <value>0x8933a0</value>
         <object_component_ref idref="oc-199"/>
      </symbol>
      <symbol id="sm-c41">
         <name>__divu</name>
         <value>0x8933a0</value>
         <object_component_ref idref="oc-199"/>
      </symbol>
      <symbol id="sm-c58">
         <name>C$$EXIT</name>
         <value>0x894600</value>
         <object_component_ref idref="oc-16d"/>
      </symbol>
      <symbol id="sm-c59">
         <name>_exit</name>
         <value>0x893520</value>
         <object_component_ref idref="oc-162"/>
      </symbol>
      <symbol id="sm-c5a">
         <name>___TI_enable_exit_profile_output</name>
         <value>0x883808</value>
         <object_component_ref idref="oc-f5"/>
      </symbol>
      <symbol id="sm-c5b">
         <name>_abort</name>
         <value>0x894600</value>
         <object_component_ref idref="oc-16d"/>
      </symbol>
      <symbol id="sm-c5c">
         <name>__cleanup_ptr</name>
         <value>0x883800</value>
         <object_component_ref idref="oc-f5"/>
      </symbol>
      <symbol id="sm-c5d">
         <name>__dtors_ptr</name>
         <value>0x883804</value>
         <object_component_ref idref="oc-f5"/>
      </symbol>
      <symbol id="sm-c6a">
         <name>__fixdi</name>
         <value>0x893bc0</value>
         <object_component_ref idref="oc-1b5"/>
      </symbol>
      <symbol id="sm-c77">
         <name>__fixdu</name>
         <value>0x893c40</value>
         <object_component_ref idref="oc-1ab"/>
      </symbol>
      <symbol id="sm-c84">
         <name>__fixfi</name>
         <value>0x893cc0</value>
         <object_component_ref idref="oc-18a"/>
      </symbol>
      <symbol id="sm-c91">
         <name>__fixfu</name>
         <value>0x893d40</value>
         <object_component_ref idref="oc-184"/>
      </symbol>
      <symbol id="sm-c9c">
         <name>__fltid</name>
         <value>0x894080</value>
         <object_component_ref idref="oc-1a7"/>
      </symbol>
      <symbol id="sm-ca7">
         <name>__fltif</name>
         <value>0x8940e0</value>
         <object_component_ref idref="oc-185"/>
      </symbol>
      <symbol id="sm-cb1">
         <name>__fltud</name>
         <value>0x894360</value>
         <object_component_ref idref="oc-1a3"/>
      </symbol>
      <symbol id="sm-cbb">
         <name>__fltuf</name>
         <value>0x8943a0</value>
         <object_component_ref idref="oc-188"/>
      </symbol>
      <symbol id="sm-ccb">
         <name>__frcaddd</name>
         <value>0x891f60</value>
         <object_component_ref idref="oc-1bf"/>
      </symbol>
      <symbol id="sm-cd5">
         <name>__frcmpyd_div</name>
         <value>0x8943e0</value>
         <object_component_ref idref="oc-1be"/>
      </symbol>
      <symbol id="sm-cdf">
         <name>__frcmpyf_div</name>
         <value>0x894420</value>
         <object_component_ref idref="oc-1b1"/>
      </symbol>
      <symbol id="sm-cf3">
         <name>__subcull</name>
         <value>0x8941a0</value>
         <object_component_ref idref="oc-182"/>
      </symbol>
      <symbol id="sm-cf4">
         <name>__divull</name>
         <value>0x8906c0</value>
         <object_component_ref idref="oc-174"/>
      </symbol>
      <symbol id="sm-d02">
         <name>__llshl</name>
         <value>0x893dc0</value>
         <object_component_ref idref="oc-181"/>
      </symbol>
      <symbol id="sm-d03">
         <name>__llshru</name>
         <value>0x894460</value>
         <object_component_ref idref="oc-183"/>
      </symbol>
      <symbol id="sm-d0e">
         <name>_memset</name>
         <value>0x893140</value>
         <object_component_ref idref="oc-17d"/>
      </symbol>
      <symbol id="sm-d1b">
         <name>_modf</name>
         <value>0x893aa0</value>
         <object_component_ref idref="oc-1bc"/>
      </symbol>
      <symbol id="sm-d31">
         <name>__mpyd</name>
         <value>0x890920</value>
         <object_component_ref idref="oc-1a4"/>
      </symbol>
      <symbol id="sm-d46">
         <name>__mpyf</name>
         <value>0x892160</value>
         <object_component_ref idref="oc-189"/>
      </symbol>
      <symbol id="sm-d50">
         <name>__negd</name>
         <value>0x8944a0</value>
         <object_component_ref idref="oc-1a6"/>
      </symbol>
      <symbol id="sm-d60">
         <name>__remi</name>
         <value>0x893460</value>
         <object_component_ref idref="oc-1ac"/>
      </symbol>
      <symbol id="sm-d61">
         <name>__c6xabi_remi</name>
         <value>0x893460</value>
         <object_component_ref idref="oc-1ac"/>
      </symbol>
      <symbol id="sm-d6e">
         <name>__renormd</name>
         <value>0x893e40</value>
         <object_component_ref idref="oc-1c0"/>
      </symbol>
      <symbol id="sm-d7f">
         <name>__nround</name>
         <value>0x892d80</value>
         <object_component_ref idref="oc-1ba"/>
      </symbol>
      <symbol id="sm-d89">
         <name>__subd</name>
         <value>0x8944e0</value>
         <object_component_ref idref="oc-1b2"/>
      </symbol>
      <symbol id="sm-d93">
         <name>__subf</name>
         <value>0x894520</value>
         <object_component_ref idref="oc-187"/>
      </symbol>
      <symbol id="sm-db9">
         <name>_tan</name>
         <value>0x88e460</value>
         <object_component_ref idref="oc-1a5"/>
      </symbol>
      <symbol id="sm-dc3">
         <name>__trunc</name>
         <value>0x8945e0</value>
         <object_component_ref idref="oc-1bb"/>
      </symbol>
      <symbol id="sm-dd4">
         <name>__args_main</name>
         <value>0x894320</value>
         <object_component_ref idref="oc-161"/>
      </symbol>
      <symbol id="sm-dd5">
         <name>__TI_args_main</name>
         <value>0x1</value>
      </symbol>
      <symbol id="sm-de4">
         <name>__auto_init</name>
         <value>0x8932e0</value>
         <object_component_ref idref="oc-160"/>
      </symbol>
      <symbol id="sm-df1">
         <name>___TI_cpp_init</name>
         <value>0x893fc0</value>
         <object_component_ref idref="oc-16b"/>
      </symbol>
      <symbol id="sm-dff">
         <name>_copy_in</name>
         <value>0x893960</value>
         <object_component_ref idref="oc-169"/>
      </symbol>
      <symbol id="sm-e09">
         <name>__frcmpyd</name>
         <value>0x892c80</value>
         <object_component_ref idref="oc-1b9"/>
      </symbol>
      <symbol id="sm-e13">
         <name>__frcmpyf</name>
         <value>0x894140</value>
         <object_component_ref idref="oc-19f"/>
      </symbol>
      <symbol id="sm-e1b">
         <name>_memcpy</name>
         <value>0x893a00</value>
         <object_component_ref idref="oc-16a"/>
      </symbol>
   </symbol_table>
</link_info>
